127.0.0.1 - - [28/Apr/2023:09:24:02 +0700] "GET / HTTP/1.1" 404 751
0:0:0:0:0:0:0:1 - - [28/Apr/2023:09:24:09 +0700] "GET /test-with-mybatis/ HTTP/1.1" 404 773
0:0:0:0:0:0:0:1 - - [28/Apr/2023:09:24:14 +0700] "GET /test-with-mybatis HTTP/1.1" 404 768
127.0.0.1 - - [28/Apr/2023:09:25:04 +0700] "GET / HTTP/1.1" 404 751
0:0:0:0:0:0:0:1 - - [28/Apr/2023:09:25:09 +0700] "GET /test-with-mybatis HTTP/1.1" 302 -
0:0:0:0:0:0:0:1 - - [28/Apr/2023:09:25:09 +0700] "GET /test-with-mybatis/ HTTP/1.1" 200 3523
0:0:0:0:0:0:0:1 - - [28/Apr/2023:09:25:25 +0700] "GET /test-with-mybatis HTTP/1.1" 302 -
0:0:0:0:0:0:0:1 - - [28/Apr/2023:09:25:26 +0700] "GET /test-with-mybatis/ HTTP/1.1" 200 3523
0:0:0:0:0:0:0:1 - - [28/Apr/2023:09:25:29 +0700] "GET / HTTP/1.1" 404 751
0:0:0:0:0:0:0:1 - - [28/Apr/2023:09:25:56 +0700] "GET /struts-mybatis-login/login.jsp HTTP/1.1" 404 764
0:0:0:0:0:0:0:1 - - [28/Apr/2023:09:26:00 +0700] "GET /struts-mybatis-login/index.jsp HTTP/1.1" 404 764
0:0:0:0:0:0:0:1 - - [28/Apr/2023:09:26:02 +0700] "GET /struts-mybatis-login/index.jsp/ HTTP/1.1" 404 790
0:0:0:0:0:0:0:1 - - [28/Apr/2023:09:26:11 +0700] "GET /test-with-mybatis/index.jsp/ HTTP/1.1" 200 3543
0:0:0:0:0:0:0:1 - - [28/Apr/2023:09:26:38 +0700] "GET /test-with-mybatis/hello HTTP/1.1" 404 753
127.0.0.1 - - [28/Apr/2023:09:27:03 +0700] "GET / HTTP/1.1" 404 751
0:0:0:0:0:0:0:1 - - [28/Apr/2023:09:27:04 +0700] "GET /test-with-mybatis/hello HTTP/1.1" 404 740
127.0.0.1 - - [28/Apr/2023:09:27:19 +0700] "GET / HTTP/1.1" 404 751
0:0:0:0:0:0:0:1 - - [28/Apr/2023:09:27:21 +0700] "GET /test-with-mybatis/hello HTTP/1.1" 200 155
0:0:0:0:0:0:0:1 - - [28/Apr/2023:09:27:26 +0700] "GET /test-with-mybatis/ HTTP/1.1" 404 825
127.0.0.1 - - [28/Apr/2023:09:27:54 +0700] "GET / HTTP/1.1" 404 751
0:0:0:0:0:0:0:1 - - [28/Apr/2023:09:27:57 +0700] "GET /TestWithMyBatis/ HTTP/1.1" 404 771
0:0:0:0:0:0:0:1 - - [28/Apr/2023:09:28:06 +0700] "GET /test-with-mybatis/ HTTP/1.1" 404 825
127.0.0.1 - - [28/Apr/2023:09:28:57 +0700] "GET / HTTP/1.1" 404 751
0:0:0:0:0:0:0:1 - - [28/Apr/2023:09:29:00 +0700] "GET /test-with-mybatis/ HTTP/1.1" 404 773
127.0.0.1 - - [28/Apr/2023:09:29:27 +0700] "GET / HTTP/1.1" 404 751
0:0:0:0:0:0:0:1 - - [28/Apr/2023:09:29:28 +0700] "GET /test-with-mybatis/ HTTP/1.1" 404 825
127.0.0.1 - - [28/Apr/2023:09:30:21 +0700] "GET / HTTP/1.1" 404 751
0:0:0:0:0:0:0:1 - - [28/Apr/2023:09:30:23 +0700] "GET /test-with-mybatis/ HTTP/1.1" 404 825
0:0:0:0:0:0:0:1 - - [28/Apr/2023:09:30:25 +0700] "GET /test-with-mybatis/ HTTP/1.1" 404 825
0:0:0:0:0:0:0:1 - - [28/Apr/2023:09:30:26 +0700] "GET /test-with-mybatis/ HTTP/1.1" 404 825
0:0:0:0:0:0:0:1 - - [28/Apr/2023:09:30:26 +0700] "GET /test-with-mybatis/ HTTP/1.1" 404 825
0:0:0:0:0:0:0:1 - - [28/Apr/2023:09:30:35 +0700] "GET /test-with-mybatis/ HTTP/1.1" 404 825
127.0.0.1 - - [28/Apr/2023:09:30:54 +0700] "GET / HTTP/1.1" 404 751
0:0:0:0:0:0:0:1 - - [28/Apr/2023:09:30:56 +0700] "GET /test-with-mybatis/ HTTP/1.1" 200 180
127.0.0.1 - - [28/Apr/2023:09:31:16 +0700] "GET / HTTP/1.1" 404 751
0:0:0:0:0:0:0:1 - - [28/Apr/2023:09:31:24 +0700] "GET /test-with-mybatis/ HTTP/1.1" 200 180
0:0:0:0:0:0:0:1 - - [28/Apr/2023:09:31:26 +0700] "GET /test-with-mybatis/hello HTTP/1.1" 200 155
127.0.0.1 - - [28/Apr/2023:09:58:05 +0700] "GET / HTTP/1.1" 404 751
0:0:0:0:0:0:0:1 - - [28/Apr/2023:09:58:07 +0700] "GET /test-with-mybatis/ HTTP/1.1" 200 180
0:0:0:0:0:0:0:1 - - [28/Apr/2023:09:58:25 +0700] "GET /test-with-mybatis/hello HTTP/1.1" 500 7599
127.0.0.1 - - [28/Apr/2023:09:58:54 +0700] "GET / HTTP/1.1" 404 751
127.0.0.1 - - [28/Apr/2023:09:59:33 +0700] "GET / HTTP/1.1" 404 751
0:0:0:0:0:0:0:1 - - [28/Apr/2023:09:59:40 +0700] "GET /test-with-mybatis/hello HTTP/1.1" 500 7603
127.0.0.1 - - [28/Apr/2023:10:00:03 +0700] "GET / HTTP/1.1" 404 751
0:0:0:0:0:0:0:1 - - [28/Apr/2023:10:00:10 +0700] "GET /test-with-mybatis/hello HTTP/1.1" 500 7617
127.0.0.1 - - [28/Apr/2023:10:00:43 +0700] "GET / HTTP/1.1" 404 751
0:0:0:0:0:0:0:1 - - [28/Apr/2023:10:00:50 +0700] "GET /test-with-mybatis/hello HTTP/1.1" 500 7623
127.0.0.1 - - [28/Apr/2023:10:01:20 +0700] "GET / HTTP/1.1" 404 751
0:0:0:0:0:0:0:1 - - [28/Apr/2023:10:01:25 +0700] "GET /test-with-mybatis/hello HTTP/1.1" 500 7677
127.0.0.1 - - [28/Apr/2023:10:02:04 +0700] "GET / HTTP/1.1" 404 751
0:0:0:0:0:0:0:1 - - [28/Apr/2023:10:02:27 +0700] "GET /test-with-mybatis/hello HTTP/1.1" 500 14960
127.0.0.1 - - [28/Apr/2023:10:02:46 +0700] "GET / HTTP/1.1" 404 751
0:0:0:0:0:0:0:1 - - [28/Apr/2023:10:03:01 +0700] "GET /test-with-mybatis/hello HTTP/1.1" 500 16044
127.0.0.1 - - [28/Apr/2023:10:04:09 +0700] "GET / HTTP/1.1" 404 751
0:0:0:0:0:0:0:1 - - [28/Apr/2023:10:04:18 +0700] "GET /test-with-mybatis/hello HTTP/1.1" 500 16044
127.0.0.1 - - [28/Apr/2023:10:05:11 +0700] "GET / HTTP/1.1" 404 751
0:0:0:0:0:0:0:1 - - [28/Apr/2023:10:05:28 +0700] "GET /test-with-mybatis/hello HTTP/1.1" 500 16566
127.0.0.1 - - [28/Apr/2023:10:06:38 +0700] "GET / HTTP/1.1" 404 751
0:0:0:0:0:0:0:1 - - [28/Apr/2023:10:06:59 +0700] "GET /test-with-mybatis/hello HTTP/1.1" 200 155
127.0.0.1 - - [28/Apr/2023:10:14:49 +0700] "GET / HTTP/1.1" 404 751
0:0:0:0:0:0:0:1 - - [28/Apr/2023:10:14:50 +0700] "GET /test-with-mybatis/ HTTP/1.1" 200 180
0:0:0:0:0:0:0:1 - - [28/Apr/2023:10:20:00 +0700] "GET /test-with-mybatis/hello HTTP/1.1" 200 155
127.0.0.1 - - [28/Apr/2023:10:44:20 +0700] "GET / HTTP/1.1" 404 751
0:0:0:0:0:0:0:1 - - [28/Apr/2023:10:44:21 +0700] "GET /test-with-mybatis/WEB-INF/contents/login.jsp HTTP/1.1" 404 682
0:0:0:0:0:0:0:1 - - [28/Apr/2023:10:44:25 +0700] "GET /test-with-mybatis/WEB-INF/contents/login.jsp HTTP/1.1" 404 682
0:0:0:0:0:0:0:1 - - [28/Apr/2023:10:44:50 +0700] "GET /test-with-mybatis/WEB-INF/contents/index.jsp HTTP/1.1" 404 682
0:0:0:0:0:0:0:1 - - [28/Apr/2023:10:44:58 +0700] "GET /test-with-mybatis/ HTTP/1.1" 200 180
0:0:0:0:0:0:0:1 - - [28/Apr/2023:10:45:05 +0700] "GET /test-with-mybatis/login.jsp HTTP/1.1" 404 739
0:0:0:0:0:0:0:1 - - [28/Apr/2023:10:45:12 +0700] "GET /test-with-mybatis/hello HTTP/1.1" 200 155
0:0:0:0:0:0:0:1 - - [28/Apr/2023:10:45:59 +0700] "GET /test-with-mybatis/login.jsp HTTP/1.1" 404 739
127.0.0.1 - - [28/Apr/2023:10:46:36 +0700] "GET / HTTP/1.1" 404 751
127.0.0.1 - - [28/Apr/2023:10:46:50 +0700] "GET / HTTP/1.1" 404 751
0:0:0:0:0:0:0:1 - - [28/Apr/2023:10:46:51 +0700] "GET /test-with-mybatis/WEB-INF/contents/login.jsp HTTP/1.1" 404 682
0:0:0:0:0:0:0:1 - - [28/Apr/2023:10:46:54 +0700] "GET /test-with-mybatis/WEB-INF/contents/login.jsp HTTP/1.1" 404 682
0:0:0:0:0:0:0:1 - - [28/Apr/2023:10:47:05 +0700] "GET /test-with-mybatis/login.jsp HTTP/1.1" 404 739
0:0:0:0:0:0:0:1 - - [28/Apr/2023:10:47:09 +0700] "GET /test-with-mybatis/login HTTP/1.1" 404 830
0:0:0:0:0:0:0:1 - - [28/Apr/2023:10:47:13 +0700] "GET /test-with-mybatis/ HTTP/1.1" 200 180
0:0:0:0:0:0:0:1 - - [28/Apr/2023:10:47:29 +0700] "GET /test-with-mybatis/ HTTP/1.1" 200 180
127.0.0.1 - - [28/Apr/2023:10:49:12 +0700] "GET / HTTP/1.1" 404 751
0:0:0:0:0:0:0:1 - - [28/Apr/2023:10:49:32 +0700] "GET /test-with-mybatis/login HTTP/1.1" 404 830
0:0:0:0:0:0:0:1 - - [28/Apr/2023:10:49:36 +0700] "GET /test-with-mybatis/login.jsp HTTP/1.1" 404 739
0:0:0:0:0:0:0:1 - - [28/Apr/2023:10:49:39 +0700] "GET /test-with-mybatis/ HTTP/1.1" 200 180
127.0.0.1 - - [28/Apr/2023:10:50:08 +0700] "GET / HTTP/1.1" 404 751
0:0:0:0:0:0:0:1 - - [28/Apr/2023:10:50:11 +0700] "GET /test-with-mybatis/ HTTP/1.1" 200 180
0:0:0:0:0:0:0:1 - - [28/Apr/2023:10:50:16 +0700] "GET /test-with-mybatis/login HTTP/1.1" 500 7514
127.0.0.1 - - [28/Apr/2023:10:52:21 +0700] "GET / HTTP/1.1" 404 751
0:0:0:0:0:0:0:1 - - [28/Apr/2023:10:52:21 +0700] "GET /test-with-mybatis/WEB-INF/contents/login.jsp HTTP/1.1" 404 682
127.0.0.1 - - [28/Apr/2023:10:54:02 +0700] "GET / HTTP/1.1" 404 751
0:0:0:0:0:0:0:1 - - [28/Apr/2023:10:54:02 +0700] "GET /test-with-mybatis/WEB-INF/contents/index.jsp HTTP/1.1" 404 682
0:0:0:0:0:0:0:1 - - [28/Apr/2023:10:54:11 +0700] "GET /test-with-mybatis/ HTTP/1.1" 200 180
0:0:0:0:0:0:0:1 - - [28/Apr/2023:10:55:54 +0700] "GET /test-with-mybatis/login HTTP/1.1" 404 830
0:0:0:0:0:0:0:1 - - [28/Apr/2023:10:56:18 +0700] "GET /test-with-mybatis/login/login HTTP/1.1" 404 830
0:0:0:0:0:0:0:1 - - [28/Apr/2023:10:56:35 +0700] "GET /test-with-mybatis/login/login/ HTTP/1.1" 404 845
0:0:0:0:0:0:0:1 - - [28/Apr/2023:10:56:39 +0700] "GET /test-with-mybatis/ HTTP/1.1" 200 180
0:0:0:0:0:0:0:1 - - [28/Apr/2023:10:56:57 +0700] "GET /test-with-mybatis/login HTTP/1.1" 404 830
127.0.0.1 - - [28/Apr/2023:10:57:20 +0700] "GET / HTTP/1.1" 404 751
0:0:0:0:0:0:0:1 - - [28/Apr/2023:10:57:24 +0700] "GET /test-with-mybatis/login HTTP/1.1" 500 7514
127.0.0.1 - - [28/Apr/2023:10:58:35 +0700] "GET / HTTP/1.1" 404 751
0:0:0:0:0:0:0:1 - - [28/Apr/2023:10:58:35 +0700] "GET /test-with-mybatis/WEB-INF/contents/login.jsp HTTP/1.1" 404 682
0:0:0:0:0:0:0:1 - - [28/Apr/2023:10:58:45 +0700] "GET /test-with-mybatis/login.jsp HTTP/1.1" 404 739
0:0:0:0:0:0:0:1 - - [28/Apr/2023:10:58:50 +0700] "GET /test-with-mybatis/login HTTP/1.1" 500 7514
0:0:0:0:0:0:0:1 - - [28/Apr/2023:11:00:43 +0700] "GET /test-with-mybatis/login HTTP/1.1" 500 7514
0:0:0:0:0:0:0:1 - - [28/Apr/2023:11:00:44 +0700] "GET /test-with-mybatis/login HTTP/1.1" 500 7514
127.0.0.1 - - [28/Apr/2023:11:00:51 +0700] "GET / HTTP/1.1" 404 751
0:0:0:0:0:0:0:1 - - [28/Apr/2023:11:00:56 +0700] "GET /test-with-mybatis/login HTTP/1.1" 500 7514
0:0:0:0:0:0:0:1 - - [28/Apr/2023:11:00:58 +0700] "GET /test-with-mybatis/login HTTP/1.1" 500 7514
0:0:0:0:0:0:0:1 - - [28/Apr/2023:11:01:04 +0700] "GET /test-with-mybatis/ HTTP/1.1" 200 180
0:0:0:0:0:0:0:1 - - [28/Apr/2023:11:01:07 +0700] "GET /test-with-mybatis/login HTTP/1.1" 500 7514
0:0:0:0:0:0:0:1 - - [28/Apr/2023:11:01:11 +0700] "GET /test-with-mybatis/login.jsp HTTP/1.1" 404 739
127.0.0.1 - - [28/Apr/2023:11:02:26 +0700] "GET / HTTP/1.1" 404 751
0:0:0:0:0:0:0:1 - - [28/Apr/2023:11:02:45 +0700] "GET /test-with-mybatis/login HTTP/1.1" 500 7514
127.0.0.1 - - [28/Apr/2023:11:03:35 +0700] "GET / HTTP/1.1" 404 751
0:0:0:0:0:0:0:1 - - [28/Apr/2023:11:03:41 +0700] "GET /test-with-mybatis/login HTTP/1.1" 200 150
0:0:0:0:0:0:0:1 - - [28/Apr/2023:11:04:01 +0700] "GET /test-with-mybatis/login HTTP/1.1" 200 150
127.0.0.1 - - [28/Apr/2023:11:10:19 +0700] "GET / HTTP/1.1" 404 751
0:0:0:0:0:0:0:1 - - [28/Apr/2023:11:18:05 +0700] "GET /test-with-mybatis/login HTTP/1.1" 200 150
0:0:0:0:0:0:0:1 - - [28/Apr/2023:11:18:10 +0700] "GET /test-with-mybatis/ HTTP/1.1" 200 285
0:0:0:0:0:0:0:1 - - [28/Apr/2023:11:18:13 +0700] "GET /test-with-mybatis/ HTTP/1.1" 200 285
127.0.0.1 - - [28/Apr/2023:11:19:37 +0700] "GET / HTTP/1.1" 404 751
0:0:0:0:0:0:0:1 - - [28/Apr/2023:11:19:45 +0700] "GET /test-with-mybatis/ HTTP/1.1" 200 758
0:0:0:0:0:0:0:1 - - [28/Apr/2023:11:20:15 +0700] "POST /test-with-mybatis/login HTTP/1.1" 500 7514
127.0.0.1 - - [28/Apr/2023:11:22:14 +0700] "GET / HTTP/1.1" 404 751
0:0:0:0:0:0:0:1 - - [28/Apr/2023:11:22:22 +0700] "POST /test-with-mybatis/login HTTP/1.1" 500 7522
127.0.0.1 - - [28/Apr/2023:11:33:46 +0700] "GET / HTTP/1.1" 404 751
0:0:0:0:0:0:0:1 - - [28/Apr/2023:11:34:01 +0700] "GET /test-with-mybatis/login HTTP/1.1" 500 15358
127.0.0.1 - - [28/Apr/2023:11:35:40 +0700] "GET / HTTP/1.1" 404 751
127.0.0.1 - - [28/Apr/2023:11:40:31 +0700] "GET / HTTP/1.1" 404 751
0:0:0:0:0:0:0:1 - - [28/Apr/2023:11:40:50 +0700] "GET /test-with-mybatis/ HTTP/1.1" 200 94
127.0.0.1 - - [28/Apr/2023:11:45:42 +0700] "GET / HTTP/1.1" 404 751
127.0.0.1 - - [28/Apr/2023:11:47:03 +0700] "GET / HTTP/1.1" 404 751
0:0:0:0:0:0:0:1 - - [28/Apr/2023:11:47:13 +0700] "GET /test-with-mybatis/ HTTP/1.1" 200 180
0:0:0:0:0:0:0:1 - - [28/Apr/2023:11:47:22 +0700] "GET /test-with-mybatis/hello HTTP/1.1" 500 23255
127.0.0.1 - - [28/Apr/2023:11:49:07 +0700] "GET / HTTP/1.1" 404 751
0:0:0:0:0:0:0:1 - - [28/Apr/2023:11:49:13 +0700] "GET /test-with-mybatis/hello HTTP/1.1" 500 23255
127.0.0.1 - - [28/Apr/2023:11:50:13 +0700] "GET / HTTP/1.1" 404 751
0:0:0:0:0:0:0:1 - - [28/Apr/2023:11:50:18 +0700] "GET /test-with-mybatis/ HTTP/1.1" 200 180
0:0:0:0:0:0:0:1 - - [28/Apr/2023:11:50:20 +0700] "GET /test-with-mybatis/hello HTTP/1.1" 500 23255
127.0.0.1 - - [28/Apr/2023:11:54:04 +0700] "GET / HTTP/1.1" 404 751
0:0:0:0:0:0:0:1 - - [28/Apr/2023:11:54:04 +0700] "GET /test-with-mybatis/ HTTP/1.1" 200 180
0:0:0:0:0:0:0:1 - - [28/Apr/2023:11:54:10 +0700] "GET /test-with-mybatis/hello HTTP/1.1" 500 23255
127.0.0.1 - - [28/Apr/2023:11:57:22 +0700] "GET / HTTP/1.1" 404 751
0:0:0:0:0:0:0:1 - - [28/Apr/2023:11:57:23 +0700] "GET /test-with-mybatis/ HTTP/1.1" 200 180
0:0:0:0:0:0:0:1 - - [28/Apr/2023:11:57:26 +0700] "GET /test-with-mybatis/hello HTTP/1.1" 500 23255
127.0.0.1 - - [28/Apr/2023:11:59:49 +0700] "GET / HTTP/1.1" 404 751
0:0:0:0:0:0:0:1 - - [28/Apr/2023:11:59:53 +0700] "GET /test-with-mybatis/hello HTTP/1.1" 500 23255
127.0.0.1 - - [28/Apr/2023:12:59:52 +0700] "GET / HTTP/1.1" 404 751
0:0:0:0:0:0:0:1 - - [28/Apr/2023:12:59:53 +0700] "GET /test-with-mybatis/ HTTP/1.1" 200 180
0:0:0:0:0:0:0:1 - - [28/Apr/2023:13:00:02 +0700] "GET /test-with-mybatis/hello HTTP/1.1" 500 23255
127.0.0.1 - - [28/Apr/2023:13:02:29 +0700] "GET / HTTP/1.1" 404 751
0:0:0:0:0:0:0:1 - - [28/Apr/2023:13:02:31 +0700] "GET /test-with-mybatis/hello HTTP/1.1" 200 155
127.0.0.1 - - [28/Apr/2023:13:25:42 +0700] "GET / HTTP/1.1" 404 751
0:0:0:0:0:0:0:1 - - [28/Apr/2023:13:25:42 +0700] "GET /test-with-mybatis/WEB-INF/contents/login.jsp HTTP/1.1" 404 682
0:0:0:0:0:0:0:1 - - [28/Apr/2023:13:25:48 +0700] "GET /test-with-mybatis/WEB-INF/ HTTP/1.1" 404 682
0:0:0:0:0:0:0:1 - - [28/Apr/2023:13:26:01 +0700] "GET /test-with-mybatis/WEB-INF/ HTTP/1.1" 404 682
0:0:0:0:0:0:0:1 - - [28/Apr/2023:13:26:08 +0700] "GET /test-with-mybatis HTTP/1.1" 302 -
0:0:0:0:0:0:0:1 - - [28/Apr/2023:13:26:08 +0700] "GET /test-with-mybatis/ HTTP/1.1" 200 1806
0:0:0:0:0:0:0:1 - - [28/Apr/2023:13:26:18 +0700] "POST /test-with-mybatis/hello HTTP/1.1" 200 160
127.0.0.1 - - [28/Apr/2023:13:38:51 +0700] "GET / HTTP/1.1" 404 751
127.0.0.1 - - [28/Apr/2023:13:39:37 +0700] "GET / HTTP/1.1" 404 751
0:0:0:0:0:0:0:1 - - [28/Apr/2023:13:39:42 +0700] "POST /test-with-mybatis/hello HTTP/1.1" 200 160
0:0:0:0:0:0:0:1 - - [28/Apr/2023:13:41:21 +0700] "POST /test-with-mybatis/hello HTTP/1.1" 200 155
127.0.0.1 - - [28/Apr/2023:13:45:11 +0700] "GET / HTTP/1.1" 404 751
0:0:0:0:0:0:0:1 - - [28/Apr/2023:13:45:48 +0700] "POST /test-with-mybatis/hello HTTP/1.1" 200 286
127.0.0.1 - - [28/Apr/2023:14:09:17 +0700] "GET / HTTP/1.1" 404 751
0:0:0:0:0:0:0:1 - - [28/Apr/2023:14:09:18 +0700] "GET /test-with-mybatis/ HTTP/1.1" 200 1806
0:0:0:0:0:0:0:1 - - [28/Apr/2023:14:09:22 +0700] "GET /test-with-mybatis/view HTTP/1.1" 404 829
0:0:0:0:0:0:0:1 - - [28/Apr/2023:14:09:41 +0700] "GET /test-with-mybatis/getAllStudent HTTP/1.1" 404 838
0:0:0:0:0:0:0:1 - - [28/Apr/2023:14:10:26 +0700] "GET /test-with-mybatis/getAllStudent HTTP/1.1" 404 838
127.0.0.1 - - [28/Apr/2023:14:11:04 +0700] "GET / HTTP/1.1" 404 751
0:0:0:0:0:0:0:1 - - [28/Apr/2023:14:11:07 +0700] "GET /test-with-mybatis/hello HTTP/1.1" 500 23255
0:0:0:0:0:0:0:1 - - [28/Apr/2023:14:11:13 +0700] "GET /test-with-mybatis/list HTTP/1.1" 500 23861
0:0:0:0:0:0:0:1 - - [28/Apr/2023:14:11:29 +0700] "GET /test-with-mybatis/list HTTP/1.1" 500 23861
127.0.0.1 - - [28/Apr/2023:14:11:54 +0700] "GET / HTTP/1.1" 404 751
0:0:0:0:0:0:0:1 - - [28/Apr/2023:14:12:13 +0700] "GET /test-with-mybatis/list HTTP/1.1" 500 23865
127.0.0.1 - - [28/Apr/2023:14:13:39 +0700] "GET / HTTP/1.1" 404 751
0:0:0:0:0:0:0:1 - - [28/Apr/2023:14:13:54 +0700] "GET /test-with-mybatis/list HTTP/1.1" 200 309
127.0.0.1 - - [28/Apr/2023:14:15:44 +0700] "GET / HTTP/1.1" 404 751
0:0:0:0:0:0:0:1 - - [28/Apr/2023:14:15:53 +0700] "GET /test-with-mybatis/list HTTP/1.1" 200 309
0:0:0:0:0:0:0:1 - - [28/Apr/2023:14:16:06 +0700] "GET /test-with-mybatis/list HTTP/1.1" 200 309
127.0.0.1 - - [28/Apr/2023:14:16:15 +0700] "GET / HTTP/1.1" 404 751
0:0:0:0:0:0:0:1 - - [28/Apr/2023:14:16:26 +0700] "GET /test-with-mybatis/list HTTP/1.1" 200 309
127.0.0.1 - - [28/Apr/2023:14:17:27 +0700] "GET / HTTP/1.1" 404 751
0:0:0:0:0:0:0:1 - - [28/Apr/2023:14:17:47 +0700] "GET /test-with-mybatis/list HTTP/1.1" 200 298
127.0.0.1 - - [28/Apr/2023:14:18:52 +0700] "GET / HTTP/1.1" 404 751
0:0:0:0:0:0:0:1 - - [28/Apr/2023:14:18:58 +0700] "GET /test-with-mybatis/list HTTP/1.1" 200 294
127.0.0.1 - - [28/Apr/2023:14:20:34 +0700] "GET / HTTP/1.1" 404 751
0:0:0:0:0:0:0:1 - - [28/Apr/2023:14:21:09 +0700] "GET /test-with-mybatis/list HTTP/1.1" 200 294
0:0:0:0:0:0:0:1 - - [28/Apr/2023:14:21:50 +0700] "GET /test-with-mybatis/list HTTP/1.1" 200 294
0:0:0:0:0:0:0:1 - - [28/Apr/2023:14:22:29 +0700] "GET /test-with-mybatis/list HTTP/1.1" 200 294
0:0:0:0:0:0:0:1 - - [28/Apr/2023:14:22:55 +0700] "GET /test-with-mybatis/list HTTP/1.1" 200 294
0:0:0:0:0:0:0:1 - - [28/Apr/2023:14:24:50 +0700] "GET /test-with-mybatis/list HTTP/1.1" 200 294
0:0:0:0:0:0:0:1 - - [28/Apr/2023:14:25:17 +0700] "GET /test-with-mybatis/list HTTP/1.1" 200 297
127.0.0.1 - - [28/Apr/2023:14:25:46 +0700] "GET / HTTP/1.1" 404 751
127.0.0.1 - - [28/Apr/2023:14:25:54 +0700] "GET / HTTP/1.1" 404 751
0:0:0:0:0:0:0:1 - - [28/Apr/2023:14:25:59 +0700] "GET /test-with-mybatis/list HTTP/1.1" 200 2240
0:0:0:0:0:0:0:1 - - [28/Apr/2023:14:27:34 +0700] "GET /test-with-mybatis/list HTTP/1.1" 200 2454
0:0:0:0:0:0:0:1 - - [28/Apr/2023:14:28:05 +0700] "GET /test-with-mybatis/list HTTP/1.1" 200 1390
127.0.0.1 - - [28/Apr/2023:14:44:19 +0700] "GET / HTTP/1.1" 404 751
0:0:0:0:0:0:0:1 - - [28/Apr/2023:14:44:47 +0700] "GET /test-with-mybatis/list HTTP/1.1" 200 1774
0:0:0:0:0:0:0:1 - - [28/Apr/2023:14:45:30 +0700] "GET /test-with-mybatis/list HTTP/1.1" 200 1893
0:0:0:0:0:0:0:1 - - [28/Apr/2023:14:45:33 +0700] "POST /test-with-mybatis/hello.action HTTP/1.1" 500 15708
127.0.0.1 - - [28/Apr/2023:14:49:02 +0700] "GET / HTTP/1.1" 404 751
0:0:0:0:0:0:0:1 - - [28/Apr/2023:14:49:09 +0700] "GET /test-with-mybatis/list HTTP/1.1" 200 1893
0:0:0:0:0:0:0:1 - - [28/Apr/2023:14:49:12 +0700] "POST /test-with-mybatis/hello.action HTTP/1.1" 500 15708
127.0.0.1 - - [28/Apr/2023:14:50:00 +0700] "GET / HTTP/1.1" 404 751
0:0:0:0:0:0:0:1 - - [28/Apr/2023:14:50:06 +0700] "GET /test-with-mybatis/list HTTP/1.1" 200 1875
0:0:0:0:0:0:0:1 - - [28/Apr/2023:14:50:08 +0700] "POST /test-with-mybatis/id.action HTTP/1.1" 404 764
127.0.0.1 - - [28/Apr/2023:14:52:42 +0700] "GET / HTTP/1.1" 404 751
0:0:0:0:0:0:0:1 - - [28/Apr/2023:14:52:45 +0700] "POST /test-with-mybatis/id.action HTTP/1.1" 404 764
0:0:0:0:0:0:0:1 - - [28/Apr/2023:14:52:53 +0700] "POST /test-with-mybatis/id.action HTTP/1.1" 404 764
127.0.0.1 - - [28/Apr/2023:15:00:11 +0700] "GET / HTTP/1.1" 404 751
0:0:0:0:0:0:0:1 - - [28/Apr/2023:15:00:23 +0700] "GET /test-with-mybatis/list HTTP/1.1" 200 1875
0:0:0:0:0:0:0:1 - - [28/Apr/2023:15:00:26 +0700] "POST /test-with-mybatis/id.action HTTP/1.1" 404 764
127.0.0.1 - - [28/Apr/2023:15:06:06 +0700] "GET / HTTP/1.1" 404 751
0:0:0:0:0:0:0:1 - - [28/Apr/2023:15:06:15 +0700] "GET /test-with-mybatis/list HTTP/1.1" 200 1878
0:0:0:0:0:0:0:1 - - [28/Apr/2023:15:06:18 +0700] "POST /test-with-mybatis/id.action HTTP/1.1" 404 764
127.0.0.1 - - [28/Apr/2023:15:07:34 +0700] "GET / HTTP/1.1" 404 751
0:0:0:0:0:0:0:1 - - [28/Apr/2023:15:07:41 +0700] "POST /test-with-mybatis/id.action HTTP/1.1" 200 776
0:0:0:0:0:0:0:1 - - [28/Apr/2023:15:07:49 +0700] "POST /test-with-mybatis/id.action HTTP/1.1" 200 776
0:0:0:0:0:0:0:1 - - [28/Apr/2023:15:07:53 +0700] "POST /test-with-mybatis/id.action HTTP/1.1" 200 776
0:0:0:0:0:0:0:1 - - [28/Apr/2023:15:08:08 +0700] "GET /test-with-mybatis/list HTTP/1.1" 200 1879
0:0:0:0:0:0:0:1 - - [28/Apr/2023:15:08:11 +0700] "POST /test-with-mybatis/id.action HTTP/1.1" 200 776
0:0:0:0:0:0:0:1 - - [28/Apr/2023:15:09:14 +0700] "POST /test-with-mybatis/id.action HTTP/1.1" 200 776
127.0.0.1 - - [28/Apr/2023:15:09:22 +0700] "GET / HTTP/1.1" 404 751
0:0:0:0:0:0:0:1 - - [28/Apr/2023:15:09:54 +0700] "POST /test-with-mybatis/id.action HTTP/1.1" 200 776
0:0:0:0:0:0:0:1 - - [28/Apr/2023:15:09:56 +0700] "POST /test-with-mybatis/id.action HTTP/1.1" 200 776
0:0:0:0:0:0:0:1 - - [28/Apr/2023:15:10:57 +0700] "POST /test-with-mybatis/id.action HTTP/1.1" 200 776
127.0.0.1 - - [28/Apr/2023:15:11:51 +0700] "GET / HTTP/1.1" 404 751
0:0:0:0:0:0:0:1 - - [28/Apr/2023:15:11:59 +0700] "POST /test-with-mybatis/id.action HTTP/1.1" 500 13508
0:0:0:0:0:0:0:1 - - [28/Apr/2023:15:12:02 +0700] "POST /test-with-mybatis/id.action HTTP/1.1" 500 13508
0:0:0:0:0:0:0:1 - - [28/Apr/2023:15:12:07 +0700] "POST /test-with-mybatis/id.action HTTP/1.1" 500 13508
127.0.0.1 - - [28/Apr/2023:15:12:42 +0700] "GET / HTTP/1.1" 404 751
0:0:0:0:0:0:0:1 - - [28/Apr/2023:15:12:50 +0700] "GET /test-with-mybatis/ HTTP/1.1" 200 1806
0:0:0:0:0:0:0:1 - - [28/Apr/2023:15:13:04 +0700] "GET /test-with-mybatis/list HTTP/1.1" 200 1879
0:0:0:0:0:0:0:1 - - [28/Apr/2023:15:13:09 +0700] "POST /test-with-mybatis/id.action HTTP/1.1" 500 13498
127.0.0.1 - - [28/Apr/2023:15:14:08 +0700] "GET / HTTP/1.1" 404 751
0:0:0:0:0:0:0:1 - - [28/Apr/2023:15:14:18 +0700] "POST /test-with-mybatis/id.action HTTP/1.1" 200 251
127.0.0.1 - - [28/Apr/2023:15:14:44 +0700] "GET / HTTP/1.1" 404 751
0:0:0:0:0:0:0:1 - - [28/Apr/2023:15:14:51 +0700] "POST /test-with-mybatis/id.action HTTP/1.1" 200 376
127.0.0.1 - - [28/Apr/2023:15:29:10 +0700] "GET / HTTP/1.1" 404 751
0:0:0:0:0:0:0:1 - - [28/Apr/2023:15:29:27 +0700] "GET /test-with-mybatis/update HTTP/1.1" 500 30771
0:0:0:0:0:0:0:1 - - [28/Apr/2023:15:30:57 +0700] "GET /test-with-mybatis/ HTTP/1.1" 200 1806
0:0:0:0:0:0:0:1 - - [28/Apr/2023:15:30:58 +0700] "GET /test-with-mybatis/id.action HTTP/1.1" 500 30759
0:0:0:0:0:0:0:1 - - [28/Apr/2023:15:31:01 +0700] "GET /test-with-mybatis/id HTTP/1.1" 500 30759
127.0.0.1 - - [28/Apr/2023:15:31:07 +0700] "GET / HTTP/1.1" 404 751
0:0:0:0:0:0:0:1 - - [28/Apr/2023:15:31:10 +0700] "GET /test-with-mybatis/id HTTP/1.1" 500 30759
0:0:0:0:0:0:0:1 - - [28/Apr/2023:15:31:20 +0700] "GET /test-with-mybatis/list HTTP/1.1" 500 30755
127.0.0.1 - - [28/Apr/2023:15:40:39 +0700] "GET / HTTP/1.1" 404 751
0:0:0:0:0:0:0:1 - - [28/Apr/2023:15:40:52 +0700] "GET /test-with-mybatis/list HTTP/1.1" 500 30755
0:0:0:0:0:0:0:1 - - [28/Apr/2023:15:40:59 +0700] "GET /test-with-mybatis/list HTTP/1.1" 500 30755
0:0:0:0:0:0:0:1 - - [28/Apr/2023:15:41:03 +0700] "GET /test-with-mybatis/update HTTP/1.1" 500 30771
127.0.0.1 - - [28/Apr/2023:15:42:39 +0700] "GET / HTTP/1.1" 404 751
0:0:0:0:0:0:0:1 - - [28/Apr/2023:15:42:45 +0700] "GET /test-with-mybatis/update HTTP/1.1" 500 46848
127.0.0.1 - - [28/Apr/2023:15:43:03 +0700] "GET / HTTP/1.1" 404 751
0:0:0:0:0:0:0:1 - - [28/Apr/2023:15:43:07 +0700] "GET /test-with-mybatis/update HTTP/1.1" 500 30771
0:0:0:0:0:0:0:1 - - [28/Apr/2023:15:43:13 +0700] "GET /test-with-mybatis/update HTTP/1.1" 500 30771
127.0.0.1 - - [28/Apr/2023:15:44:13 +0700] "GET / HTTP/1.1" 404 751
0:0:0:0:0:0:0:1 - - [28/Apr/2023:15:44:22 +0700] "GET /test-with-mybatis/update HTTP/1.1" 500 30771
0:0:0:0:0:0:0:1 - - [28/Apr/2023:15:47:24 +0700] "GET /test-with-mybatis/list HTTP/1.1" 500 30755
127.0.0.1 - - [28/Apr/2023:15:54:43 +0700] "GET / HTTP/1.1" 404 751
0:0:0:0:0:0:0:1 - - [28/Apr/2023:15:54:45 +0700] "GET /test-with-mybatis/ HTTP/1.1" 200 1806
0:0:0:0:0:0:0:1 - - [28/Apr/2023:15:54:50 +0700] "GET /test-with-mybatis/list HTTP/1.1" 500 30755
0:0:0:0:0:0:0:1 - - [28/Apr/2023:15:55:23 +0700] "GET /test-with-mybatis/list HTTP/1.1" 500 30755
0:0:0:0:0:0:0:1 - - [28/Apr/2023:15:55:27 +0700] "GET /test-with-mybatis/list HTTP/1.1" 500 30755
127.0.0.1 - - [28/Apr/2023:15:55:36 +0700] "GET / HTTP/1.1" 404 751
0:0:0:0:0:0:0:1 - - [28/Apr/2023:15:55:40 +0700] "GET /test-with-mybatis/list HTTP/1.1" 500 30755
127.0.0.1 - - [28/Apr/2023:15:56:46 +0700] "GET / HTTP/1.1" 404 751
0:0:0:0:0:0:0:1 - - [28/Apr/2023:15:56:52 +0700] "GET /test-with-mybatis/list HTTP/1.1" 200 1879
0:0:0:0:0:0:0:1 - - [28/Apr/2023:15:57:05 +0700] "POST /test-with-mybatis/id.action HTTP/1.1" 200 376
127.0.0.1 - - [28/Apr/2023:15:58:10 +0700] "GET / HTTP/1.1" 404 751
0:0:0:0:0:0:0:1 - - [28/Apr/2023:15:58:19 +0700] "POST /test-with-mybatis/id.action HTTP/1.1" 200 376
0:0:0:0:0:0:0:1 - - [28/Apr/2023:15:58:49 +0700] "POST /test-with-mybatis/id.action HTTP/1.1" 200 376
127.0.0.1 - - [28/Apr/2023:15:59:02 +0700] "GET / HTTP/1.1" 404 751
0:0:0:0:0:0:0:1 - - [28/Apr/2023:15:59:08 +0700] "GET /test-with-mybatis/list HTTP/1.1" 200 1879
0:0:0:0:0:0:0:1 - - [28/Apr/2023:15:59:13 +0700] "POST /test-with-mybatis/id.action HTTP/1.1" 200 1545
0:0:0:0:0:0:0:1 - - [28/Apr/2023:15:59:57 +0700] "POST /test-with-mybatis/update.action HTTP/1.1" 500 7524
127.0.0.1 - - [28/Apr/2023:16:01:06 +0700] "GET / HTTP/1.1" 404 751
0:0:0:0:0:0:0:1 - - [28/Apr/2023:16:01:14 +0700] "POST /test-with-mybatis/update.action HTTP/1.1" 500 7538
0:0:0:0:0:0:0:1 - - [28/Apr/2023:16:01:22 +0700] "POST /test-with-mybatis/update.action HTTP/1.1" 500 7538
127.0.0.1 - - [28/Apr/2023:16:04:16 +0700] "GET / HTTP/1.1" 404 751
0:0:0:0:0:0:0:1 - - [28/Apr/2023:16:04:26 +0700] "POST /test-with-mybatis/id.action HTTP/1.1" 200 1557
0:0:0:0:0:0:0:1 - - [28/Apr/2023:16:05:28 +0700] "GET /test-with-mybatis/WEB-INF/contents/update.jsp HTTP/1.1" 404 682
0:0:0:0:0:0:0:1 - - [28/Apr/2023:16:05:36 +0700] "GET /test-with-mybatis/WEB-INF/contents/update.jsp HTTP/1.1" 404 682
0:0:0:0:0:0:0:1 - - [28/Apr/2023:16:05:41 +0700] "GET /test-with-mybatis/update.jsp HTTP/1.1" 404 740
0:0:0:0:0:0:0:1 - - [28/Apr/2023:16:05:43 +0700] "GET /test-with-mybatis/update.jsp HTTP/1.1" 404 740
127.0.0.1 - - [28/Apr/2023:16:07:22 +0700] "GET / HTTP/1.1" 404 751
0:0:0:0:0:0:0:1 - - [28/Apr/2023:16:07:31 +0700] "GET /test-with-mybatis/WEB-INF/contents/index.jsp HTTP/1.1" 404 682
0:0:0:0:0:0:0:1 - - [28/Apr/2023:16:07:38 +0700] "GET /test-with-mybatis/index.jsp HTTP/1.1" 404 739
0:0:0:0:0:0:0:1 - - [28/Apr/2023:16:07:50 +0700] "GET /test-with-mybatis/update HTTP/1.1" 500 7538
0:0:0:0:0:0:0:1 - - [28/Apr/2023:16:09:19 +0700] "GET /test-with-mybatis/update HTTP/1.1" 500 7538
127.0.0.1 - - [28/Apr/2023:16:09:34 +0700] "GET / HTTP/1.1" 404 751
0:0:0:0:0:0:0:1 - - [28/Apr/2023:16:10:01 +0700] "GET /test-with-mybatis/update HTTP/1.1" 500 7538
0:0:0:0:0:0:0:1 - - [28/Apr/2023:16:10:06 +0700] "GET /test-with-mybatis/index.jsp HTTP/1.1" 404 739
0:0:0:0:0:0:0:1 - - [28/Apr/2023:16:10:09 +0700] "GET /test-with-mybatis/ HTTP/1.1" 200 1806
0:0:0:0:0:0:0:1 - - [28/Apr/2023:16:10:15 +0700] "GET /test-with-mybatis/id HTTP/1.1" 500 7529
127.0.0.1 - - [28/Apr/2023:16:11:16 +0700] "GET / HTTP/1.1" 404 751
0:0:0:0:0:0:0:1 - - [28/Apr/2023:16:11:18 +0700] "GET /test-with-mybatis/id HTTP/1.1" 500 30759
0:0:0:0:0:0:0:1 - - [28/Apr/2023:16:11:21 +0700] "GET /test-with-mybatis/id HTTP/1.1" 500 30759
127.0.0.1 - - [28/Apr/2023:16:12:29 +0700] "GET / HTTP/1.1" 404 751
0:0:0:0:0:0:0:1 - - [28/Apr/2023:16:13:09 +0700] "GET /test-with-mybatis/id HTTP/1.1" 500 7529
0:0:0:0:0:0:0:1 - - [28/Apr/2023:16:13:24 +0700] "GET /test-with-mybatis/list HTTP/1.1" 200 1879
0:0:0:0:0:0:0:1 - - [28/Apr/2023:16:13:41 +0700] "POST /test-with-mybatis/id.action HTTP/1.1" 200 1558
0:0:0:0:0:0:0:1 - - [28/Apr/2023:16:13:48 +0700] "POST /test-with-mybatis/update.action HTTP/1.1" 500 7538
127.0.0.1 - - [28/Apr/2023:16:14:46 +0700] "GET / HTTP/1.1" 404 751
0:0:0:0:0:0:0:1 - - [28/Apr/2023:16:14:56 +0700] "POST /test-with-mybatis/update.action HTTP/1.1" 500 7589
0:0:0:0:0:0:0:1 - - [28/Apr/2023:16:15:00 +0700] "POST /test-with-mybatis/id.action HTTP/1.1" 200 1558
0:0:0:0:0:0:0:1 - - [28/Apr/2023:16:15:06 +0700] "POST /test-with-mybatis/update.action HTTP/1.1" 500 7589
0:0:0:0:0:0:0:1 - - [28/Apr/2023:16:15:56 +0700] "POST /test-with-mybatis/update.action HTTP/1.1" 500 15241
0:0:0:0:0:0:0:1 - - [28/Apr/2023:16:16:01 +0700] "POST /test-with-mybatis/update.action HTTP/1.1" 500 15241
127.0.0.1 - - [28/Apr/2023:16:16:07 +0700] "GET / HTTP/1.1" 404 751
0:0:0:0:0:0:0:1 - - [28/Apr/2023:16:16:14 +0700] "POST /test-with-mybatis/update.action HTTP/1.1" 500 15241
127.0.0.1 - - [28/Apr/2023:16:18:44 +0700] "GET / HTTP/1.1" 404 751
0:0:0:0:0:0:0:1 - - [28/Apr/2023:16:18:52 +0700] "POST /test-with-mybatis/id.action HTTP/1.1" 200 1575
0:0:0:0:0:0:0:1 - - [28/Apr/2023:16:20:33 +0700] "POST /test-with-mybatis/update.action HTTP/1.1" 500 15241
127.0.0.1 - - [28/Apr/2023:16:20:44 +0700] "GET / HTTP/1.1" 404 751
0:0:0:0:0:0:0:1 - - [28/Apr/2023:16:21:00 +0700] "POST /test-with-mybatis/update.action HTTP/1.1" 500 15241
127.0.0.1 - - [28/Apr/2023:16:21:18 +0700] "GET / HTTP/1.1" 404 751
0:0:0:0:0:0:0:1 - - [28/Apr/2023:16:21:22 +0700] "POST /test-with-mybatis/id.action HTTP/1.1" 200 1575
0:0:0:0:0:0:0:1 - - [28/Apr/2023:16:21:35 +0700] "POST /test-with-mybatis/update.action HTTP/1.1" 500 15241
127.0.0.1 - - [28/Apr/2023:16:24:30 +0700] "GET / HTTP/1.1" 404 751
0:0:0:0:0:0:0:1 - - [28/Apr/2023:16:24:43 +0700] "GET /struts-mybatis-login/login.jsp HTTP/1.1" 404 764
0:0:0:0:0:0:0:1 - - [28/Apr/2023:16:24:47 +0700] "GET /struts-mybatis-login HTTP/1.1" 404 771
0:0:0:0:0:0:0:1 - - [28/Apr/2023:16:25:04 +0700] "GET /test-with-mybatis/list HTTP/1.1" 200 1885
0:0:0:0:0:0:0:1 - - [28/Apr/2023:16:25:08 +0700] "POST /test-with-mybatis/id.action HTTP/1.1" 200 1564
0:0:0:0:0:0:0:1 - - [28/Apr/2023:16:25:14 +0700] "POST /test-with-mybatis/update.action HTTP/1.1" 500 15241
